<html>
<body>
<pre>
<h1>�Vision Build Log</h1>
<h2>Tool Versions:</h2>
IDE-Version: ��Vision V5.39.0.0
Copyright (C) 2023 ARM Ltd and ARM Germany GmbH. All rights reserved.
License Information: 1 1, 1, LIC=YA39H-W09YA-Z9UG9-4W8MR-8QH6L-E40CA
 
Tool Versions:
Toolchain:       MDK-ARM Plus  Version: 5.39.0.0
Toolchain Path:  C:\Keil5\ARM\ARMCLANG\Bin
C Compiler:      ArmClang.exe V6.21
Assembler:       Armasm.exe V6.21
Linker/Locator:  ArmLink.exe V6.21
Library Manager: ArmAr.exe V6.21
Hex Converter:   FromElf.exe V6.21
CPU DLL:         SARMCM3.DLL V5.39.0.0
Dialog DLL:      DCM.DLL V1.17.5.0
Target DLL:      STLink\ST-LINKIII-KEIL_SWO.dll V3.2.0.0
Dialog DLL:      TCM.DLL V1.56.4.0
 
<h2>Project:</h2>
D:\Document\RM\2026_code\2026_VANGUARD_Helm_Infantry\26-helm_infantry_gimbal\MDK-ARM\2026_VANGUARD_Frame.uvprojx
Project File Date:  05/04/2026

<h2>Output:</h2>
*** Using Compiler 'V6.21', folder: 'C:\Keil5\ARM\ARMCLANG\Bin'
Build target '2026_VANGUARD_Frame'
compiling buzzer.c...
compiling chassis.c...
../application/gimbal/gimbal.c(148): warning: taking address of packed member 'Pitch' of class or structure 'INS_behaviour_t' may result in an unaligned pointer value [-Waddress-of-packed-member]
  148 |     pitch_head_init.controller_param_init_config.other_angle_feedback_ptr = &INS.Pitch;//使用imu的yaw角度作为yaw电机的角度反馈
      |                                                                              ^~~~~~~~~
1 warning generated.
compiling gimbal.c...
linking...
Program Size: Code=156532 RO-data=3060 RW-data=2408 ZI-data=52008  
"2026_VANGUARD_Frame\2026_VANGUARD_Frame.axf" - 0 Error(s), 1 Warning(s).

<h2>Software Packages used:</h2>

Package Vendor: ARM
                http://www.keil.com/pack/ARM.CMSIS.5.9.0.pack
                ARM::CMSIS@5.9.0
                CMSIS (Common Microcontroller Software Interface Standard)
   * Component: CORE Version: 5.6.0

Package Vendor: Keil
                https://www.keil.com/pack/Keil.STM32H7xx_DFP.4.1.3.pack
                Keil::STM32H7xx_DFP@4.1.3
                STMicroelectronics STM32H7 Series Device Support

<h2>Collection of Component include folders:</h2>
  ./RTE/_2026_VANGUARD_Frame
  C:/Keil5/Packs/ARM/CMSIS/5.9.0/CMSIS/Core/Include

<h2>Collection of Component Files used:</h2>

   * Component: ARM::CMSIS:CORE@5.6.0
      Include file:  CMSIS/Core/Include/tz_context.h
Build Time Elapsed:  00:00:01
</pre>
</body>
</html>
