<html>
<body>
<pre>
<h1>µVision Build Log</h1>
<h2>Tool Versions:</h2>
IDE-Version: ¦ÌVision V5.39.0.0
Copyright (C) 2023 ARM Ltd and ARM Germany GmbH. All rights reserved.
License Information: 1 1, 1, LIC=YA39H-W09YA-Z9UG9-4W8MR-8QH6L-E40CA
 
Tool Versions:
Toolchain:       MDK-ARM Plus  Version: 5.39.0.0
Toolchain Path:  C:\Keil5\ARM\ARMCLANG\Bin
C Compiler:      ArmClang.exe V6.21
Assembler:       Armasm.exe V6.21
Linker/Locator:  ArmLink.exe V6.21
Library Manager: ArmAr.exe V6.21
Hex Converter:   FromElf.exe V6.21
CPU DLL:         SARMCM3.DLL V5.39.0.0
Dialog DLL:      DCM.DLL V1.17.5.0
Target DLL:      STLink\ST-LINKIII-KEIL_SWO.dll V3.2.0.0
Dialog DLL:      TCM.DLL V1.56.4.0
 
<h2>Project:</h2>
D:\Document\RM\2026_code\2026_VANGUARD_Helm_Infantry\26-helm_infantry_gimbal\MDK-ARM\2026_VANGUARD_Frame.uvprojx
Project File Date:  04/26/2026

<h2>Output:</h2>
*** Using Compiler 'V6.21', folder: 'C:\Keil5\ARM\ARMCLANG\Bin'
Build target '2026_VANGUARD_Frame'
compiling stm32h7xx_hal_timebase_tim.c...
compiling i2c.c...
compiling gpio.c...
compiling tim.c...
compiling rng.c...
compiling stm32h7xx_hal_msp.c...
compiling stm32h7xx_it.c...
compiling fdcan.c...
compiling freertos.c...
compiling dma.c...
compiling spi.c...
compiling main.c...
compiling usart.c...
compiling stm32h7xx_hal_pcd.c...
compiling stm32h7xx_hal_tim_ex.c...
compiling stm32h7xx_hal_tim.c...
compiling stm32h7xx_hal_pcd_ex.c...
compiling stm32h7xx_hal_rcc.c...
compiling stm32h7xx_hal_flash.c...
compiling stm32h7xx_hal_flash_ex.c...
compiling stm32h7xx_hal_rcc_ex.c...
compiling stm32h7xx_ll_usb.c...
compiling stm32h7xx_hal_hsem.c...
compiling stm32h7xx_hal_gpio.c...
compiling stm32h7xx_hal_dma_ex.c...
compiling stm32h7xx_hal_mdma.c...
compiling stm32h7xx_hal_pwr.c...
compiling stm32h7xx_hal_dma.c...
compiling stm32h7xx_hal_cortex.c...
compiling stm32h7xx_hal_pwr_ex.c...
compiling stm32h7xx_hal_i2c_ex.c...
compiling stm32h7xx_hal.c...
compiling stm32h7xx_hal_exti.c...
compiling stm32h7xx_hal_rng.c...
compiling stm32h7xx_hal_rng_ex.c...
compiling stm32h7xx_hal_spi_ex.c...
compiling croutine.c...
compiling stm32h7xx_hal_i2c.c...
compiling stm32h7xx_hal_fdcan.c...
compiling stm32h7xx_hal_spi.c...
compiling stm32h7xx_hal_uart_ex.c...
compiling event_groups.c...
compiling system_stm32h7xx.c...
compiling list.c...
compiling stream_buffer.c...
compiling queue.c...
compiling stm32h7xx_hal_uart.c...
compiling timers.c...
compiling heap_4.c...
compiling tasks.c...
compiling port.c...
compiling bsp_dwt.c...
compiling cmsis_os2.c...
compiling bsp_pwm.c...
compiling bsp_can.c...
compiling bsp_usart.c...
compiling defense_center.c...
compiling bsp_spi.c...
compiling bsp_gpio.c...
compiling message_center.c...
compiling bsp_iic.c...
compiling ws2812.c...
compiling drv_motor.c...
compiling vofa.c...
compiling buzzer.c...
compiling bmi088.c...
compiling DJI_motor.c...
compiling DM_motor.c...
compiling remote_control.c...
compiling wfly_control.c...
compiling remote_vt03.c...
compiling rs485.c...
compiling shoot_motor.c...
compiling VPC.c...
compiling pid.c...
compiling Serial.c...
compiling user_lib.c...
compiling CRC.c...
compiling MadgwickAHRS.c...
compiling signal_generator.c...
compiling MahonyAHRS.c...
compiling QuaternionEKF.c...
compiling kalman_one_filter.c...
compiling kalman_filter.c...
compiling mahony_filter.c...
compiling normal_filter.c...
compiling lpf.c...
compiling vmc.c...
compiling ols.c...
compiling robot_frame_config.c...
compiling rls.c...
../algorithm/controller/PID/digital_pid.c(77): warning: taking address of packed member 'DWT_cnt' of class or structure 'digital_PID_t' may result in an unaligned pointer value [-Waddress-of-packed-member]
   77 |     hpid->dt = DWT_GetDeltaT(&hpid->DWT_cnt);
      |                               ^~~~~~~~~~~~~
../algorithm/controller/PID/digital_pid.c(194): warning: taking address of packed member 'DWT_cnt' of class or structure 'digital_PID_t' may result in an unaligned pointer value [-Waddress-of-packed-member]
  194 |     hpid->dt = DWT_GetDeltaT(&hpid->DWT_cnt);
      |                               ^~~~~~~~~~~~~
2 warnings generated.
compiling digital_pid.c...
compiling lms.c...
compiling robot_frame_init.c...
compiling chassis.c...
compiling gimbal_task.c...
compiling chassis_task.c...
compiling shoot_task.c...
../application/gimbal/gimbal.c(105): warning: taking address of packed member 'Pitch' of class or structure 'INS_behaviour_t' may result in an unaligned pointer value [-Waddress-of-packed-member]
  105 |         .other_angle_feedback_ptr = &INS.Pitch,//IMU
      |                                      ^~~~~~~~~
1 warning generated.
compiling gimbal.c...
compiling daemon.c...
compiling shoot.c...
compiling daemon_task.c...
compiling INS.c...
compiling INS_task.c...
compiling procotol.c...
compiling procotol_task.c...
compiling BMI088driver.c...
compiling balance_chassis.c...
compiling BMI088Middleware.c...
compiling usb_device.c...
compiling usbd_desc.c...
compiling usbd_cdc_if.c...
compiling usbd_conf.c...
compiling usbd_core.c...
compiling usbd_ioreq.c...
compiling usbd_ctlreq.c...
compiling usbd_cdc.c...
linking...
Program Size: Code=151468 RO-data=3024 RW-data=1492 ZI-data=51892  
"2026_VANGUARD_Frame\2026_VANGUARD_Frame.axf" - 0 Error(s), 3 Warning(s).

<h2>Software Packages used:</h2>

Package Vendor: ARM
                http://www.keil.com/pack/ARM.CMSIS.5.9.0.pack
                ARM::CMSIS@5.9.0
                CMSIS (Common Microcontroller Software Interface Standard)
   * Component: CORE Version: 5.6.0

Package Vendor: Keil
                https://www.keil.com/pack/Keil.STM32H7xx_DFP.4.1.3.pack
                Keil::STM32H7xx_DFP@4.1.3
                STMicroelectronics STM32H7 Series Device Support

<h2>Collection of Component include folders:</h2>
  ./RTE/_2026_VANGUARD_Frame
  C:/Keil5/Packs/ARM/CMSIS/5.9.0/CMSIS/Core/Include

<h2>Collection of Component Files used:</h2>

   * Component: ARM::CMSIS:CORE@5.6.0
      Include file:  CMSIS/Core/Include/tz_context.h
Build Time Elapsed:  00:00:05
</pre>
</body>
</html>
